logic__1376: 
case__290: 
case__167: 
logic__1122: 
logic__1219: 
logic__869: 
muxpart__90: 
logic__373: 
case__373: 
logic__1027: 
logic__846: 
logic__1773: 
logic__212: 
logic__1417: 
case__258: 
case__195: 
case__13: 
case__443: 
logic__954: 
muxpart__6: 
case__295: 
logic__1404: 
mmio_timer_m: 
logic__1607: 
case__2: 
case__382: 
logic__135: 
case__58: 
muxpart__140: 
case__119: 
case__444: 
case__395: 
logic__1405: 
case__191: 
logic__1724: 
logic__1778: 
muxpart__8: 
case__301: 
muxpart__17: 
logic__654: 
case__154: 
reg__3: 
logic__633: 
muxpart__96: 
logic__1755: 
logic__169: 
logic__1490: 
case__274: 
reg__39: 
case__145: 
logic__1183: 
logic__1761: 
datapath__34: 
logic__645: 
logic__1585: 
logic__437: 
datapath__49: 
logic__473: 
logic__1736: 
logic__988: 
case__365: 
case__317: 
logic__155: 
muxpart__225: 
logic__1177: 
case__10: 
logic__1468: 
keep__6: 
case__147: 
mmu_m: 
logic__1533: 
case__357: 
case__67: 
logic__606: 
muxpart__137: 
case__229: 
datapath__38: 
logic__1624: 
logic__819: 
logic__366: 
muxpart__114: 
case__79: 
logic__1492: 
case__51: 
case__442: 
case__161: 
reg__22: 
case__38: 
muxpart__193: 
case__127: 
logic__959: 
logic__1545: 
datapath__51: 
muxpart__230: 
case__193: 
muxpart__173: 
logic__1485: 
reg__35: 
logic__776: 
logic__71: 
keep__7: 
logic__1735: 
muxpart__211: 
case__159: 
case__124: 
case__359: 
logic__1369: 
datapath__5: 
case__338: 
case__123: 
muxpart__41: 
muxpart__86: 
logic__1465: 
logic__27: 
muxpart__32: 
muxpart__37: 
logic__1292: 
logic__684: 
logic__1774: 
logic__1455: 
logic__1006: 
logic__1552: 
muxpart__206: 
case__141: 
case__86: 
muxpart__50: 
datapath__55: 
logic__1741: 
logic__389: 
reg__37: 
datapath__56: 
logic__1539: 
logic__1596: 
logic__1645: 
logic__942: 
case__327: 
datapath__10: 
datapath__3: 
case__360: 
muxpart__92: 
logic__1176: 
muxpart__43: 
case__54: 
case__150: 
muxpart__45: 
case__259: 
reg__9: 
logic__773: 
logic__1073: 
muxpart__170: 
case__393: 
muxpart__231: 
top_level: 
logic__1509: 
logic__1346: 
case__19: 
logic__916: 
case__280: 
logic__1501: 
logic__1240: 
logic__1640: 
logic__675: 
logic__1454: 
logic__920: 
logic__127: 
muxpart__60: 
case__33: 
muxpart__107: 
muxpart__3: 
case__6: 
logic__1771: 
logic__861: 
logic__81: 
logic__1536: 
muxpart__178: 
datapath__4: 
reg__14: 
muxpart__144: 
case__197: 
logic__1637: 
case__125: 
case__375: 
muxpart__260: 
muxpart__49: 
case__272: 
logic__496: 
case__94: 
muxpart__76: 
logic__935: 
case__62: 
datapath__45: 
reg__16: 
logic__270: 
muxpart__9: 
logic__1402: 
datapath__47: 
logic__1775: 
case__1: 
muxpart__111: 
logic__1090: 
logic__208: 
case__430: 
logic__1540: 
muxpart__51: 
logic__671: 
muxpart__237: 
reg__11: 
case__21: 
case__387: 
case__397: 
logic__188: 
logic__1580: 
case__16: 
case__296: 
logic__457: 
case__138: 
case__55: 
logic__1142: 
case__109: 
addsub__1: 
logic__1793: 
logic__431: 
case__304: 
case__257: 
logic__1463: 
logic__610: 
logic__172: 
logic__57: 
logic__10: 
logic__87: 
case__71: 
logic__1713: 
logic__1460: 
logic__561: 
logic__1549: 
logic__1441: 
datapath__43: 
logic__1357: 
logic__1261: 
logic__1365: 
logic__1537: 
muxpart__279: 
case__29: 
logic__1032: 
case__97: 
case__428: 
case__74: 
case__404: 
muxpart__85: 
case__217: 
muxpart__1: 
logic__1745: 
case__282: 
case__459: 
muxpart__115: 
addsub: 
case__454: 
case__133: 
reg__12: 
muxpart__169: 
logic__508: 
muxpart__16: 
logic__335: 
case__403: 
datapath__60: 
logic__976: 
muxpart__101: 
case__211: 
logic__925: 
logic__1619: 
case__172: 
logic__963: 
muxpart__4: 
case__249: 
case__313: 
case__405: 
muxpart__18: 
logic__1102: 
logic__357: 
logic__1586: 
logic__666: 
case__260: 
datapath__42: 
case__361: 
logic__640: 
muxpart__131: 
muxpart__233: 
muxpart__223: 
muxpart__277: 
case__213: 
logic__880: 
logic__410: 
logic__517: 
case__254: 
logic__1109: 
case__305: 
keep__10: 
case__132: 
muxpart__172: 
case__190: 
logic__1457: 
case__82: 
muxpart__236: 
case__77: 
reg__7: 
case__250: 
muxpart__164: 
logic__625: 
reg__34: 
logic__693: 
muxpart__12: 
datapath__31: 
logic__672: 
logic__514: 
keep__9: 
logic__1464: 
case__446: 
logic__558: 
logic__1379: 
keep__1: 
datapath__6: 
case__135: 
case__81: 
datapath__23: 
logic__173: 
logic__982: 
logic__348: 
logic__1520: 
muxpart__194: 
datapath__9: 
datapath__13: 
muxpart__7: 
case__303: 
logic__296: 
case__174: 
logic__1594: 
logic__367: 
case__366: 
muxpart__10: 
case__98: 
case__111: 
logic__1166: 
datapath__17: 
case__23: 
case__52: 
logic__782: 
logic__1243: 
bram_main_ram_m: 
logic__1344: 
logic__1231: 
case__302: 
muxpart__288: 
logic__193: 
case__339: 
logic__1519: 
case__437: 
logic__1504: 
muxpart__283: 
case__189: 
reg__24: 
case__44: 
logic__1049: 
logic__1275: 
case__226: 
logic__6: 
muxpart: 
muxpart__280: 
datapath__35: 
case__170: 
logic__840: 
logic__192: 
logic__1115: 
case__61: 
logic__281: 
datapath__19: 
logic__1083: 
muxpart__44: 
logic__68: 
case__22: 
logic__864: 
logic__31: 
muxpart__168: 
logic__991: 
logic__85: 
muxpart__203: 
logic__1450: 
logic__1743: 
case__240: 
case__66: 
logic__1370: 
muxpart__71: 
case__406: 
logic__1119: 
case__335: 
muxpart__70: 
muxpart__175: 
case__155: 
reg__33: 
datapath__21: 
logic__284: 
logic__901: 
datapath__16: 
case__429: 
logic__765: 
case__9: 
logic__1390: 
muxpart__180: 
logic__379: 
case__434: 
case__246: 
keep: 
muxpart__234: 
logic__140: 
case__28: 
case__463: 
logic__994: 
case__265: 
case__340: 
logic__51: 
muxpart__176: 
case__248: 
logic__1033: 
logic__1112: 
muxpart__147: 
logic__1566: 
case__73: 
case__462: 
case__115: 
logic__1258: 
logic__874: 
logic__1371: 
case__143: 
keep__14: 
case__116: 
logic__1762: 
logic__690: 
case__319: 
logic__921: 
logic__678: 
datapath__29: 
logic__305: 
logic__1332: 
reg: 
muxpart__266: 
datapath__53: 
muxpart__72: 
muxpart__5: 
case__14: 
logic__256: 
logic__1603: 
logic__1680: 
logic__1499: 
reg__5: 
muxpart__94: 
case__18: 
decoder_m: 
logic__152: 
case__297: 
logic__90: 
case__432: 
logic__1541: 
reg__27: 
case__354: 
case__311: 
muxpart__69: 
case__292: 
case__255: 
case__392: 
logic__1754: 
counter: 
case__194: 
muxpart__273: 
logic__910: 
reg__6: 
logic__748: 
muxpart__269: 
case__445: 
logic__112: 
logic__762: 
case__118: 
logic__1718: 
logic__1216: 
keep__13: 
muxpart__66: 
case__310: 
case__227: 
logic__1366: 
logic__1210: 
case__235: 
muxpart__88: 
case__46: 
muxpart__204: 
datapath__30: 
logic__481: 
logic__499: 
logic__1770: 
logic__1143: 
case__178: 
logic__951: 
case__57: 
muxpart__24: 
datapath__37: 
logic__1705: 
logic__444: 
case__128: 
logic__736: 
muxpart__40: 
case__84: 
muxpart__263: 
logic__1134: 
logic__611: 
case__452: 
muxpart__36: 
case__121: 
case__192: 
case__436: 
case__88: 
logic__1591: 
logic__1748: 
logic__681: 
logic__657: 
logic__1308: 
case__451: 
case__341: 
logic__1429: 
logic__911: 
logic__141: 
case__202: 
logic__1087: 
case__402: 
logic__1709: 
reg__17: 
logic__1202: 
datapath__48: 
muxpart__238: 
muxpart__139: 
reg__13: 
logic__1396: 
logic__86: 
datapath__20: 
logic__1577: 
logic__1316: 
logic__349: 
logic__843: 
muxpart__53: 
muxpart__57: 
logic__883: 
logic__1800: 
muxpart__183: 
logic__222: 
logic__1694: 
case__289: 
datapath__33: 
logic__332: 
case__75: 
logic__797: 
muxpart__48: 
case__78: 
case__308: 
muxpart__199: 
case__122: 
case__68: 
logic__36: 
logic__618: 
case__342: 
case__153: 
case__286: 
muxpart__239: 
case__100: 
case__181: 
logic__1695: 
logic__289: 
logic__1799: 
keep__17: 
logic__1547: 
logic__1601: 
muxpart__125: 
logic__858: 
case__334: 
muxpart__65: 
keep__3: 
case__42: 
datapath__54: 
case__56: 
case__36: 
logic__1756: 
case__230: 
case__263: 
muxpart__83: 
case__427: 
logic__1732: 
logic__1772: 
logic__1734: 
case__60: 
case__398: 
datapath__25: 
muxpart__2: 
logic__1789: 
logic__1589: 
case__129: 
reg__21: 
case__207: 
logic__1294: 
case__126: 
reg__38: 
logic__1573: 
case__269: 
muxpart__184: 
logic__1137: 
case__130: 
logic__1679: 
case__293: 
logic__1414: 
logic__1473: 
case__261: 
muxpart__105: 
logic__197: 
case__117: 
muxpart__135: 
logic__313: 
muxpart__102: 
muxpart__290: 
muxpart__195: 
muxpart__232: 
case__336: 
case__70: 
logic__1080: 
case__329: 
logic__1093: 
logic__958: 
logic__1521: 
case__242: 
case__205: 
logic__236: 
logic__1516: 
logic__1352: 
muxpart__134: 
logic__310: 
logic__1456: 
logic__502: 
case__139: 
case__158: 
logic__1129: 
logic__1461: 
case__134: 
case__268: 
case__176: 
muxpart__91: 
logic__739: 
logic__836: 
case__320: 
logic__1065: 
muxpart__118: 
case__309: 
case__34: 
muxpart__119: 
logic__15: 
logic__1016: 
logic__1222: 
logic__1613: 
logic__1790: 
logic__1609: 
muxpart__159: 
logic__1024: 
reg__1: 
logic__1303: 
logic__1610: 
datapath__22: 
muxpart__227: 
logic__396: 
logic__56: 
case__182: 
logic__1451: 
muxpart__177: 
logic__1495: 
datapath__24: 
muxpart__182: 
logic__1345: 
logic__1684: 
case__299: 
muxpart__162: 
keep__12: 
muxpart__116: 
logic__361: 
logic__1322: 
case__183: 
datapath__28: 
muxpart__11: 
muxpart__121: 
logic__651: 
muxpart__46: 
logic__1438: 
case__283: 
logic__1435: 
muxpart__124: 
logic__321: 
logic__1766: 
case__165: 
case__27: 
case__146: 
case__166: 
datapath__59: 
case__7: 
case__168: 
logic__1336: 
muxpart__190: 
logic__905: 
logic__1304: 
case__267: 
muxpart__240: 
case__343: 
muxpart__268: 
reg__4: 
logic__1583: 
logic__1126: 
case__17: 
case__369: 
logic__1056: 
logic__1535: 
logic__660: 
logic__687: 
datapath__44: 
case__3: 
case__294: 
case__384: 
logic__211: 
case__30: 
muxpart__117: 
logic__166: 
case__225: 
logic__520: 
reg__28: 
logic__102: 
logic__622: 
muxpart__150: 
logic__239: 
datapath__36: 
case__136: 
logic__338: 
muxpart__98: 
logic__696: 
muxpart__219: 
case__337: 
logic__242: 
case__401: 
logic__447: 
case__275: 
logic__1765: 
muxpart__218: 
case__435: 
reg__19: 
muxpart__78: 
datapath__50: 
logic__855: 
case__324: 
muxpart__213: 
logic__77: 
logic__1522: 
datapath__11: 
logic__309: 
logic__1351: 
muxpart__58: 
muxpart__42: 
muxpart__110: 
case__408: 
muxpart__74: 
datapath__52: 
case__35: 
case__284: 
case__63: 
logic__28: 
case__245: 
case__196: 
case__26: 
datapath__39: 
logic__1515: 
case__206: 
logic__1041: 
logic__851: 
logic__1614: 
muxpart__112: 
case__326: 
logic__1542: 
case__291: 
muxpart__185: 
case__306: 
logic__1299: 
case__215: 
case__222: 
logic__816: 
case__72: 
logic__1506: 
case__278: 
logic__1605: 
case__388: 
logic__276: 
logic__1198: 
logic__555: 
case__49: 
case__175: 
logic__1595: 
case__314: 
case__142: 
case__251: 
datapath__27: 
muxpart__100: 
case__5: 
case__396: 
case__80: 
logic__1385: 
muxpart__271: 
case__156: 
logic__1723: 
datapath__18: 
logic__906: 
case__394: 
logic__1750: 
logic__1141: 
case__440: 
case__224: 
logic__789: 
case__364: 
muxpart__259: 
logic__1293: 
muxpart__166: 
logic__1698: 
case__99: 
case__180: 
case__177: 
logic__825: 
muxpart__80: 
case__20: 
logic__979: 
muxpart__216: 
case__439: 
reg__8: 
cpu: 
muxpart__265: 
muxpart__181: 
logic__757: 
logic__32: 
logic__929: 
logic__1693: 
reg__25: 
logic__131: 
case__391: 
logic__1072: 
logic__796: 
case__379: 
reg__36: 
muxpart__285: 
case__184: 
muxpart__59: 
case__456: 
logic__1044: 
muxpart__55: 
muxpart__272: 
case__381: 
logic__1544: 
logic__1752: 
logic__546: 
muxpart__160: 
case__39: 
case__113: 
muxpart__14: 
datapath__41: 
muxpart__221: 
keep__11: 
logic__460: 
logic__1796: 
case__220: 
muxpart__210: 
case__390: 
case__110: 
muxpart__222: 
logic__915: 
case__106: 
logic__985: 
case__262: 
logic__1576: 
case__252: 
logic__224: 
logic__428: 
logic__327: 
muxpart__212: 
logic__837: 
muxpart__28: 
logic__378: 
datapath__26: 
logic__1632: 
case__53: 
case__163: 
logic__997: 
case__171: 
datapath__8: 
muxpart__209: 
case__362: 
case__273: 
logic__1382: 
case__95: 
case__85: 
reg__26: 
logic__570: 
logic__195: 
muxpart__33: 
logic__967: 
logic__1556: 
case__256: 
muxpart__215: 
reg__10: 
logic__852: 
logic__1707: 
logic__1615: 
muxpart__284: 
case__386: 
logic__1618: 
case__385: 
muxpart__142: 
logic__225: 
case__288: 
keep__4: 
logic__808: 
logic__948: 
datapath: 
logic__551: 
logic__891: 
logic__1403: 
bram_32k_rom_m: 
logic__626: 
logic__114: 
case__450: 
case__266: 
case__332: 
datapath__46: 
case__179: 
case__69: 
logic__171: 
logic__1163: 
logic: 
case__4: 
logic__492: 
case__140: 
logic__413: 
datapath__57: 
logic__1331: 
logic__1512: 
logic__1747: 
case__40: 
logic__800: 
logic__886: 
muxpart__138: 
muxpart__68: 
case__457: 
muxpart__129: 
logic__939: 
logic__170: 
datapath__14: 
case__209: 
case__264: 
case__441: 
logic__1721: 
logic__470: 
case__315: 
logic__1318: 
logic__407: 
muxpart__179: 
muxpart__108: 
case__221: 
case__431: 
datapath__12: 
case__185: 
logic__1739: 
case__11: 
case__448: 
muxpart__157: 
logic__250: 
muxpart__154: 
logic__1702: 
logic__1189: 
logic__1446: 
logic__1469: 
logic__130: 
muxpart__163: 
logic__788: 
logic__1611: 
case__64: 
reg__30: 
muxpart__26: 
case__376: 
muxpart__64: 
logic__970: 
muxpart__79: 
muxpart__103: 
muxpart__197: 
case__107: 
muxpart__20: 
muxpart__174: 
case__83: 
logic__122: 
muxpart__262: 
case__131: 
case__162: 
case__25: 
muxpart__155: 
logic__1170: 
case__378: 
case__449: 
case__461: 
reg__20: 
logic__30: 
logic__615: 
case__76: 
reg__29: 
logic__1785: 
logic__1567: 
muxpart__21: 
muxpart__151: 
case__321: 
logic__489: 
logic__1330: 
logic__1510: 
logic__1784: 
case__281: 
case__323: 
logic__1543: 
logic__1599: 
muxpart__87: 
logic__101: 
keep__16: 
logic__731: 
logic__1727: 
reg__2: 
case__399: 
logic__253: 
logic__1753: 
logic__1716: 
logic__463: 
case__105: 
datapath__61: 
reg__15: 
datapath__15: 
case__173: 
case__370: 
case__59: 
logic__1391: 
logic__436: 
logic__1149: 
logic__721: 
muxpart__133: 
logic__567: 
case__407: 
logic__945: 
reg__18: 
logic__1751: 
logic__1270: 
case__237: 
keep__2: 
case__108: 
case__351: 
logic__830: 
case__279: 
muxpart__153: 
case__47: 
muxpart__19: 
logic__576: 
muxpart__205: 
muxpart__35: 
logic__115: 
muxpart__292: 
muxpart__120: 
logic__1389: 
logic__1779: 
logic__1523: 
case__160: 
case__65: 
case__32: 
logic__16: 
muxpart__56: 
case__50: 
logic__1105: 
case__389: 
logic__533: 
muxpart__281: 
logic__451: 
logic__1737: 
muxpart__228: 
logic__1691: 
case__144: 
datapath__7: 
logic__1466: 
logic__358: 
logic__194: 
logic__807: 
logic__177: 
logic__1733: 
muxpart__127: 
muxpart__286: 
case__149: 
logic__1489: 
logic__617: 
muxpart__188: 
logic__1019: 
logic__1432: 
case__367: 
logic__699: 
muxpart__278: 
case__45: 
muxpart__207: 
reg__23: 
logic__1317: 
muxpart__109: 
case__93: 
case__438: 
logic__1726: 
logic__596: 
logic__1507: 
case__331: 
muxpart__136: 
muxpart__81: 
muxpart__123: 
case__300: 
muxpart__89: 
logic__663: 
muxpart__198: 
logic__803: 
logic__1146: 
keep__15: 
muxpart__34: 
logic__1447: 
muxpart__276: 
case__372: 
keep__8: 
muxpart__23: 
datapath__40: 
case__187: 
logic__1706: 
logic__1703: 
muxpart__158: 
muxpart__148: 
muxpart__229: 
logic__1483: 
logic__1749: 
case__223: 
logic__812: 
case__164: 
logic__1550: 
logic__352: 
case__41: 
logic__1565: 
case__228: 
case__307: 
logic__416: 
case__43: 
case__238: 
case__148: 
muxpart__145: 
case__270: 
muxpart__146: 
case__24: 
logic__1486: 
logic__1704: 
muxpart__270: 
logic__1546: 
logic__1597: 
muxpart__122: 
logic__1628: 
logic__1527: 
logic__425: 
logic__1423: 
muxpart__186: 
logic__1068: 
muxpart__201: 
datapath__32: 
logic__1531: 
logic__1099: 
logic__316: 
case__188: 
logic__831: 
case__96: 
logic__1534: 
case: 
case__48: 
logic__505: 
case__400: 
case__37: 
case__152: 
logic__1462: 
case__210: 
logic__1252: 
logic__1588: 
case__169: 
muxpart__39: 
muxpart__161: 
logic__419: 
logic__1710: 
muxpart__62: 
case__271: 
logic__1529: 
keep__5: 
logic__591: 
logic__48: 
muxpart__30: 
logic__637: 
muxpart__191: 
muxpart__282: 
logic__29: 
datapath__1: 
logic__511: 
datapath__2: 
logic__1420: 
case__137: 
case__186: 
case__348: 
logic__326: 
logic__1482: 
muxpart__224: 
case__157: 
mmio_interrupts_m: 
logic__1688: 
case__101: 
logic__1786: 
muxpart__217: 
logic__1701: 
logic__1548: 
muxpart__156: 
logic__1678: 
muxpart__274: 
muxpart__214: 
logic__41: 
logic__1408: 
case__114: 
logic__1426: 
case__199: 
logic__1195: 
case__12: 
case__458: 
logic__1491: 
logic__579: 
muxpart__202: 
logic__1411: 
logic__1612: 
case__91: 
muxpart__258: 
logic__136: 
logic__1525: 
logic__585: 
case__112: 
case__287: 
logic__728: 
case__358: 
case__433: 
logic__539: 
case__236: 
logic__384: 
logic__786: 
datapath__58: 
logic__11: 
case__104: 
logic__1729: 
